\BOOKMARK [1][-]{section.1}{\376\377\000P\000o\000d\000s\000t\000a\000w\000y\000\040\000S\000k\001\102\000a\000d\000n\000i}{}% 1
\BOOKMARK [2][-]{subsection.1.1}{\376\377\000K\000o\000m\000e\000n\000d\000y}{section.1}% 2
\BOOKMARK [2][-]{subsection.1.2}{\376\377\001\132\000r\000o\000d\000o\000w\000i\000s\000k\000a}{section.1}% 3
\BOOKMARK [2][-]{subsection.1.3}{\376\377\000K\000o\000m\000e\000n\000d\000y\000\040\000w\001\102\000a\000s\000n\000e}{section.1}% 4
\BOOKMARK [1][-]{section.2}{\376\377\000P\000o\000d\000z\000i\000a\001\102\000\040\000D\000o\000k\000u\000m\000e\000n\000t\000u}{}% 5
\BOOKMARK [2][-]{subsection.2.1}{\376\377\000P\000r\000e\000a\000m\000b\000u\001\102\000a}{section.2}% 6
\BOOKMARK [2][-]{subsection.2.2}{\376\377\000T\000r\000e\001\133\001\007\000\040\000d\000o\000k\000u\000m\000e\000n\000t\000u}{section.2}% 7
\BOOKMARK [2][-]{subsection.2.3}{\376\377\000N\000a\000g\001\102\000\363\000w\000k\000i\000\040\000i\000\040\000s\000t\000o\000p\000k\000i}{section.2}% 8
\BOOKMARK [1][-]{section.3}{\376\377\000F\000o\000r\000m\000a\000t\000o\000w\000a\000n\000i\000e\000\040\000T\000e\000k\000s\000t\000u}{}% 9
\BOOKMARK [2][-]{subsection.3.1}{\376\377\000W\000c\000i\001\031\000c\000i\000a\000\040\000i\000\040\000o\000d\000s\000t\001\031\000p\000y}{section.3}% 10
\BOOKMARK [2][-]{subsection.3.2}{\376\377\000P\000o\000d\000z\000i\000a\001\102\000\040\000h\000i\000e\000r\000a\000r\000c\000h\000i\000c\000z\000n\000y}{section.3}% 11
\BOOKMARK [2][-]{subsection.3.3}{\376\377\000Z\000n\000a\000k\000i\000\040\000s\000p\000e\000c\000j\000a\000l\000n\000e}{section.3}% 12
\BOOKMARK [2][-]{subsection.3.4}{\376\377\000C\000y\000t\000a\000t\000y}{section.3}% 13
\BOOKMARK [2][-]{subsection.3.5}{\376\377\000W\000y\000r\000\363\001\174\000n\000i\000e\000n\000i\000a\000\040\000t\000e\000k\000s\000t\000u}{section.3}% 14
\BOOKMARK [2][-]{subsection.3.6}{\376\377\000R\000o\000z\000m\000i\000a\000r\000y\000\040\000t\000e\000k\000s\000t\000u}{section.3}% 15
\BOOKMARK [1][-]{section.4}{\376\377\000R\000\363\000w\000n\000a\000n\000i\000a\000\040\000m\000a\000t\000e\000m\000a\000t\000y\000c\000z\000n\000e}{}% 16
\BOOKMARK [2][-]{subsection.4.1}{\376\377\000R\000\363\000w\000n\000a\000n\000i\000a\000\040\000o\000b\000o\000k\000\040\000t\000e\000k\000s\000t\000u}{section.4}% 17
\BOOKMARK [2][-]{subsection.4.2}{\376\377\000R\000\363\000w\000n\000a\000n\000i\000a\000\040\000w\000\040\000o\000s\000o\000b\000n\000y\000m\000\040\000w\000i\000e\000r\000s\000z\000u}{section.4}% 18
\BOOKMARK [2][-]{subsection.4.3}{\376\377\000R\000\363\000w\000n\000a\000n\000i\000a\000\040\000w\000i\000e\000l\000o\000w\000i\000e\000r\000s\000z\000o\000w\000e}{section.4}% 19
\BOOKMARK [2][-]{subsection.4.4}{\376\377\000A\000l\000g\000o\000r\000y\000t\000m\000y}{section.4}% 20
\BOOKMARK [2][-]{subsection.4.5}{\376\377\000M\000a\000c\000i\000e\000r\000z\000e}{section.4}% 21
\BOOKMARK [1][-]{section.5}{\376\377\000O\000d\000s\000y\001\102\000a\000c\000z\000e}{}% 22
\BOOKMARK [2][-]{subsection.5.1}{\376\377\000O\000d\000s\000y\001\102\000a\000c\000z\000e\000\040\000j\000a\000k\000o\000\040\000t\000e\000k\000s\000t}{section.5}% 23
\BOOKMARK [2][-]{subsection.5.2}{\376\377\000o\000d\000s\000y\001\102\000a\000c\000z\000e\000\040\000j\000a\000k\000o\000\040\000h\000i\000p\000e\000r\001\102\001\005\000c\000z\000a}{section.5}% 24
\BOOKMARK [1][-]{section.6}{\376\377\000K\000o\000l\000o\000r\000y}{}% 25
\BOOKMARK [2][-]{subsection.6.1}{\376\377\000P\000a\000k\000i\000e\000t\000\040\000x\000c\000o\000l\000o\000r}{section.6}% 26
\BOOKMARK [2][-]{subsection.6.2}{\376\377\000L\000i\000s\000t\000a\000\040\000k\000o\000m\000e\000n\000d}{section.6}% 27
\BOOKMARK [1][-]{section.7}{\376\377\000G\000r\000a\000f\000i\000k\000i}{}% 28
\BOOKMARK [2][-]{subsection.7.1}{\376\377\000P\000a\000k\000i\000e\000t\000\040\000g\000r\000a\000p\000h\000i\000c\000x}{section.7}% 29
\BOOKMARK [2][-]{subsection.7.2}{\376\377\000U\000m\000i\000e\000s\000z\000c\000z\000a\000n\000i\000e\000\040\000g\000r\000a\000f\000i\000k\000i}{section.7}% 30
\BOOKMARK [2][-]{subsection.7.3}{\376\377\000P\000o\001\102\000o\001\174\000e\000n\000i\000e\000\040\000w\000\040\000d\000o\000k\000u\000m\000e\000n\000c\000i\000e}{section.7}% 31
\BOOKMARK [2][-]{subsection.7.4}{\376\377\000O\000b\000r\000a\000c\000a\000n\000i\000e\000\040\000e\000l\000e\000m\000e\000n\000t\000\363\000w}{section.7}% 32
